2026-09-02 10:06:43 | INFO     | بدء التشغيل - step1_reconcile v1.1.0
2026-09-02 10:06:43 | INFO     | ملف اللوج: logs\step1_reconcile_20260902_100643.log
2026-09-02 10:06:43 | INFO     | تحميل CSV: C:\Users\user\Desktop\insert\data\laws_with_rebuilt_chains_20260901_151815.csv
2026-09-02 10:06:43 | INFO     | تم تحميل 4510 صف، 100 عمود
2026-09-02 10:06:43 | INFO     | استُثني 2 صف بالـpmk_ID: ['1489', '8']
2026-09-02 10:06:43 | WARNING  | في 5 صف is_law=False (ملاحق): pmk_ID=['103', '195', '573', '704', '1480'] - رح تنضم بالفحص وتنعلّم بالتقرير
2026-09-02 10:06:43 | INFO     | تحميل JSON: C:\Users\user\Desktop\insert\data\RefLaws_v05_CorrMetaVol.json (ملف كبير، ممكن ياخذ وقت)
2026-09-02 10:06:45 | INFO     | تم تحميل 2161 عنصر أساسي خلال 1.5 ثانية
2026-09-02 10:06:45 | INFO     | بناء فهرس المطابقة للقوانين الأساسية بالـJSON...
2026-09-02 10:06:55 | INFO     | عدد السلاسل بالـCSV بعد الاستثناءات: 2666
2026-09-02 10:06:57 | INFO     | التقرير الرئيسي: output\missing_report_20260902_100657.csv
2026-09-02 10:06:57 | WARNING  | 108 حالة تحتاج مراجعة يدوية -> output\ambiguous_report_20260902_100657.csv
2026-09-02 10:06:57 | INFO     | قائمة الـpmk_ID المفقودة (مدخل الخطوة الجاية): output\missing_pmk_ids_20260902_100657.json
2026-09-02 10:06:57 | INFO     | === ملخص ===
2026-09-02 10:06:57 | INFO     | سلاسل مفقودة بالكامل   : 344
2026-09-02 10:06:57 | INFO     | سلاسل ناقصة تعديلات    : 107
2026-09-02 10:06:57 | INFO     | سلاسل مكتملة           : 2215
2026-09-02 10:06:57 | INFO     | حالات تحتاج مراجعة يدوية: 108
2026-09-02 10:06:57 | INFO     | pmk_ID مفقودة (أساسية) : 344
2026-09-02 10:06:57 | INFO     | pmk_ID مفقودة (تعديلات): 291
