2026-09-02 14:47:39 | INFO     | بدء التشغيل - step3_merge v1.0.0
2026-09-02 14:47:39 | INFO     | ملف اللوج: logs\step3_merge_20260902_144739.log
2026-09-02 14:47:39 | INFO     | آخر ملف merge_plan_*.json: merge_plan_20260902_143728.json (من أصل 1)
2026-09-02 14:47:39 | INFO     | خطة الدمج: 375 سجل جديد، 108 سجل رح يتوسّع
2026-09-02 14:47:39 | INFO     | تحميل CSV المرجعي: C:\Users\user\Desktop\insert\data\laws_with_rebuilt_chains_20260901_151815.csv
2026-09-02 14:47:40 | INFO     | تم فهرسة 4510 صف من الـCSV حسب pmk_ID
2026-09-02 14:47:40 | INFO     | تحميل مواد: data\base_articles_extract.csv
2026-09-02 14:47:40 | INFO     | استُثني 7 صف معلَّم isDelete/DeleteArticle
2026-09-02 14:47:40 | INFO     | تجميع مواد لـ 147 قانون/تعديل مميّز من 2652 صف
2026-09-02 14:47:40 | INFO     | تحميل مواد: data\amendment_articles_extract.csv
2026-09-02 14:47:40 | INFO     | استُثني 2 صف معلَّم isDelete/DeleteArticle
2026-09-02 14:47:40 | INFO     | تجميع مواد لـ 210 قانون/تعديل مميّز من 890 صف
2026-09-02 14:47:40 | INFO     | تحميل JSON: C:\Users\user\Desktop\insert\data\RefLaws_v05_CorrMetaVol.json (ملف كبير، ممكن ياخذ وقت)
2026-09-02 14:47:42 | INFO     | تم تحميل 2161 عنصر خلال 1.6 ثانية
2026-09-02 14:47:42 | WARNING  | تعديل pmk_ID=2665: ما انلقت له أي مواد بالاستخراج
2026-09-02 14:47:42 | WARNING  | تعديل pmk_ID=2675: ما انلقت له أي مواد بالاستخراج
2026-09-02 14:47:42 | WARNING  | تعديل pmk_ID=2676: ما انلقت له أي مواد بالاستخراج
2026-09-02 14:47:42 | WARNING  | تعديل pmk_ID=5773: ما انلقت له أي مواد بالاستخراج
2026-09-02 14:47:42 | WARNING  | تعديل pmk_ID=5373: ما انلقت له أي مواد بالاستخراج
2026-09-02 14:47:42 | WARNING  | تعديل pmk_ID=5989: ما انلقت له أي مواد بالاستخراج
2026-09-02 14:47:42 | WARNING  | تعديل pmk_ID=5960: ما انلقت له أي مواد بالاستخراج
2026-09-02 14:47:42 | WARNING  | تعديل pmk_ID=5597: ما انلقت له أي مواد بالاستخراج
2026-09-02 14:47:42 | WARNING  | تعديل pmk_ID=5769: ما انلقت له أي مواد بالاستخراج
2026-09-02 14:47:42 | WARNING  | تعديل pmk_ID=5733: ما انلقت له أي مواد بالاستخراج
2026-09-02 14:47:42 | WARNING  | تعديل pmk_ID=5686: ما انلقت له أي مواد بالاستخراج
2026-09-02 14:47:42 | WARNING  | تعديل pmk_ID=5666: ما انلقت له أي مواد بالاستخراج
2026-09-02 14:47:42 | WARNING  | تعديل pmk_ID=5649: ما انلقت له أي مواد بالاستخراج
2026-09-02 14:47:42 | WARNING  | تعديل pmk_ID=4507: ما انلقت له أي مواد بالاستخراج
2026-09-02 14:47:42 | WARNING  | تعديل pmk_ID=5768: ما انلقت له أي مواد بالاستخراج
2026-09-02 14:47:42 | WARNING  | تعديل pmk_ID=5736: ما انلقت له أي مواد بالاستخراج
2026-09-02 14:47:42 | WARNING  | تعديل pmk_ID=6071: ما انلقت له أي مواد بالاستخراج
2026-09-02 14:47:42 | WARNING  | تعديل pmk_ID=5573: ما انلقت له أي مواد بالاستخراج
2026-09-02 14:47:42 | WARNING  | تعديل pmk_ID=5770: ما انلقت له أي مواد بالاستخراج
2026-09-02 14:47:42 | WARNING  | تعديل pmk_ID=5732: ما انلقت له أي مواد بالاستخراج
2026-09-02 14:47:42 | WARNING  | تعديل pmk_ID=5673: ما انلقت له أي مواد بالاستخراج
2026-09-02 14:47:42 | WARNING  | تعديل pmk_ID=5371: ما انلقت له أي مواد بالاستخراج
2026-09-02 14:47:42 | WARNING  | تعديل pmk_ID=5577: ما انلقت له أي مواد بالاستخراج
2026-09-02 14:47:42 | INFO     | كتابة الناتج: output\RefLaws_merged_20260902_144742.json (ممكن ياخذ وقت لأنه ملف كبير)
2026-09-02 14:47:44 | INFO     | تم الحفظ: output\RefLaws_merged_20260902_144742.json (2536 عنصر بأعلى مستوى)
2026-09-02 14:47:44 | INFO     | === ملخص ===
2026-09-02 14:47:44 | INFO     | سجلات أساسية جديدة أُضيفت : 375
2026-09-02 14:47:44 | INFO     | تعديلات أُضيفت (سجل جديد) : 60
2026-09-02 14:47:44 | INFO     | تعديلات أُضيفت (سجل موجود): 173
2026-09-02 14:47:44 | INFO     | تخطّي (مو موجود بالـCSV)  : 0
2026-09-02 14:47:44 | INFO     | pmk_ID بدون أي مواد مستخرجة: 251
2026-09-02 14:47:44 | WARNING  | قائمة الـpmk_ID بدون مواد (راجعها): output\zero_articles_20260902_144742.json
