2026-09-02 09:52:17 | INFO     | بدء التشغيل - step1_reconcile v1.0.0
2026-09-02 09:52:17 | INFO     | ملف اللوج: logs\step1_reconcile_20260902_095217.log
2026-09-02 09:52:17 | INFO     | تحميل CSV: C:\Users\user\Desktop\insert\data\laws_with_rebuilt_chains_20260901_151815.csv
2026-09-02 09:52:17 | INFO     | تم تحميل 4510 صف، 100 عمود
2026-09-02 09:52:17 | INFO     | استُثني 2 صف بالـpmk_ID: ['1489', '8']
2026-09-02 09:52:17 | WARNING  | في 5 صف is_law=False (ملاحق): pmk_ID=['103', '195', '573', '704', '1480'] - رح تنضم بالفحص وتنعلّم بالتقرير
2026-09-02 09:52:17 | INFO     | تحميل JSON: C:\Users\user\Desktop\insert\data\RefLaws_v05_CorrMetaVol.json (ملف كبير، ممكن ياخذ وقت)
2026-09-02 09:52:19 | INFO     | تم تحميل 2161 عنصر أساسي خلال 1.6 ثانية
2026-09-02 09:52:19 | INFO     | بناء فهرس المطابقة للقوانين الأساسية بالـJSON...
2026-09-02 09:52:28 | INFO     | عدد السلاسل بالـCSV بعد الاستثناءات: 2666
2026-09-02 09:52:31 | INFO     | التقرير الرئيسي: output\missing_report_20260902_095231.csv
2026-09-02 09:52:31 | WARNING  | 108 حالة تحتاج مراجعة يدوية -> output\ambiguous_report_20260902_095231.csv
2026-09-02 09:52:31 | INFO     | قائمة الـpmk_ID المفقودة (مدخل الخطوة الجاية): output\missing_pmk_ids_20260902_095231.json
2026-09-02 09:52:31 | INFO     | === ملخص ===
2026-09-02 09:52:31 | INFO     | سلاسل مفقودة بالكامل   : 363
2026-09-02 09:52:31 | INFO     | سلاسل ناقصة تعديلات    : 107
2026-09-02 09:52:31 | INFO     | سلاسل مكتملة           : 2196
2026-09-02 09:52:31 | INFO     | حالات تحتاج مراجعة يدوية: 108
2026-09-02 09:52:31 | INFO     | pmk_ID مفقودة (أساسية) : 363
2026-09-02 09:52:31 | INFO     | pmk_ID مفقودة (تعديلات): 292
