2026-09-02 10:36:28 | INFO     | بدء التشغيل - step1_reconcile v1.1.0
2026-09-02 10:36:28 | INFO     | ملف اللوج: logs\step1_reconcile_20260902_103628.log
2026-09-02 10:36:28 | INFO     | تحميل CSV: C:\Users\user\Desktop\insert\data\laws_with_rebuilt_chains_20260901_151815.csv
2026-09-02 10:36:28 | INFO     | تم تحميل 4510 صف، 100 عمود
2026-09-02 10:36:28 | INFO     | استُثني 2 صف بالـpmk_ID: ['1489', '8']
2026-09-02 10:36:28 | WARNING  | في 5 صف is_law=False (ملاحق): pmk_ID=['103', '195', '573', '704', '1480'] - رح تنضم بالفحص وتنعلّم بالتقرير
2026-09-02 10:36:28 | INFO     | تحميل JSON: C:\Users\user\Desktop\insert\data\RefLaws_v05_CorrMetaVol.json (ملف كبير، ممكن ياخذ وقت)
2026-09-02 10:36:29 | INFO     | تم تحميل 2161 عنصر أساسي خلال 1.4 ثانية
2026-09-02 10:36:29 | INFO     | بناء فهرس المطابقة للقوانين الأساسية بالـJSON...
2026-09-02 10:36:38 | INFO     | عدد السلاسل بالـCSV بعد الاستثناءات: 2666
2026-09-02 10:36:38 | INFO     | التقرير الرئيسي: output\missing_report_20260902_103638.csv
2026-09-02 10:36:38 | WARNING  | 661 حالة تحتاج مراجعة يدوية -> output\ambiguous_report_20260902_103638.csv
2026-09-02 10:36:38 | INFO     | قائمة الـpmk_ID المفقودة (مدخل الخطوة الجاية): output\missing_pmk_ids_20260902_103638.json
2026-09-02 10:36:38 | INFO     | === ملخص ===
2026-09-02 10:36:38 | INFO     | سلاسل مفقودة بالكامل   : 742
2026-09-02 10:36:38 | INFO     | سلاسل ناقصة تعديلات    : 100
2026-09-02 10:36:38 | INFO     | سلاسل مكتملة           : 1824
2026-09-02 10:36:38 | INFO     | حالات تحتاج مراجعة يدوية: 661
2026-09-02 10:36:38 | INFO     | pmk_ID مفقودة (أساسية) : 742
2026-09-02 10:36:38 | INFO     | pmk_ID مفقودة (تعديلات): 280
