2026-09-02 10:55:58 | INFO     | بدء التشغيل - step1_reconcile v1.2.0
2026-09-02 10:55:58 | INFO     | ملف اللوج: logs\step1_reconcile_20260902_105558.log
2026-09-02 10:55:58 | INFO     | تحميل CSV: C:\Users\user\Desktop\insert\data\laws_with_rebuilt_chains_20260901_151815.csv
2026-09-02 10:55:58 | INFO     | تم تحميل 4510 صف، 100 عمود
2026-09-02 10:55:58 | INFO     | استُثني 2 صف بالـpmk_ID: ['1489', '8']
2026-09-02 10:55:58 | WARNING  | في 5 صف is_law=False (ملاحق): pmk_ID=['103', '195', '573', '704', '1480'] - رح تنضم بالفحص وتنعلّم بالتقرير
2026-09-02 10:55:58 | INFO     | تحميل JSON: C:\Users\user\Desktop\insert\data\RefLaws_v05_CorrMetaVol.json (ملف كبير، ممكن ياخذ وقت)
2026-09-02 10:56:00 | INFO     | تم تحميل 2161 عنصر أساسي خلال 1.6 ثانية
2026-09-02 10:56:00 | INFO     | بناء فهرس المطابقة للقوانين الأساسية بالـJSON...
2026-09-02 10:56:09 | INFO     | عدد السلاسل بالـCSV بعد الاستثناءات: 2666
2026-09-02 10:56:09 | WARNING  | تأكيد يدوي لـ pmk_ID=496 - عنده 1 تعديل بالـCSV ما انفحصوا آلياً (راجعهم يدوياً): ['2104']
2026-09-02 10:56:09 | INFO     | التقرير الرئيسي: output\missing_report_20260902_105609.csv
2026-09-02 10:56:09 | WARNING  | 278 حالة تحتاج مراجعة يدوية -> output\ambiguous_report_20260902_105609.csv
2026-09-02 10:56:09 | INFO     | قائمة الـpmk_ID المفقودة (مدخل الخطوة الجاية): output\missing_pmk_ids_20260902_105609.json
2026-09-02 10:56:09 | INFO     | === ملخص ===
2026-09-02 10:56:09 | INFO     | سلاسل مفقودة بالكامل   : 375
2026-09-02 10:56:09 | INFO     | سلاسل ناقصة تعديلات    : 108
2026-09-02 10:56:09 | INFO     | سلاسل مكتملة           : 2183
2026-09-02 10:56:09 | INFO     | حالات تحتاج مراجعة يدوية: 278
2026-09-02 10:56:09 | INFO     | pmk_ID مفقودة (أساسية) : 375
2026-09-02 10:56:09 | INFO     | pmk_ID مفقودة (تعديلات): 233
